Creating agent...
Agent created.
Entering async context...
Client ready. Sending query...
Query sent. Receiving response...
Text: Hello! How can I help you with your Obsidian vault today? I can help with note management, organization, searching, importing files, generating knowledge graphs, and more.
Done receiving response.